[2025-11-19 13:37:03] [INFO] Function: FaceCheckService(), Line: 233, Message: ✅ FaceCheckService initialized (ArcFace assumed pre-loaded).
[2025-11-19 13:37:04] [INFO] Function: loadDatabase(), Line: 54, Message: Found 7 pictures in database.
[2025-11-19 13:37:04] [INFO] Function: loadDatabase(), Line: 71, Message: Feature norm for /workspaces/TestGit/DB/20521422_1.jpg: 11.313709
[2025-11-19 13:37:04] [INFO] Function: loadDatabase(), Line: 71, Message: Feature norm for /workspaces/TestGit/DB/20521422_2.jpg: 11.313708
[2025-11-19 13:37:04] [INFO] Function: loadDatabase(), Line: 71, Message: Feature norm for /workspaces/TestGit/DB/20521422_3.jpg: 11.313709
[2025-11-19 13:37:04] [INFO] Function: loadDatabase(), Line: 71, Message: Feature norm for /workspaces/TestGit/DB/20521422_4.jpg: 11.313709
[2025-11-19 13:37:04] [INFO] Function: loadDatabase(), Line: 71, Message: Feature norm for /workspaces/TestGit/DB/20521422_5.jpg: 11.313708
[2025-11-19 13:37:04] [INFO] Function: loadDatabase(), Line: 71, Message: Feature norm for /workspaces/TestGit/DB/20521422_6.jpg: 11.313709
[2025-11-19 13:37:04] [INFO] Function: loadDatabase(), Line: 71, Message: Feature norm for /workspaces/TestGit/DB/20521422_7.jpg: 11.313708
[2025-11-19 13:37:04] [INFO] Function: loadDatabase(), Line: 83, Message: Loaded 7 faces in total
[2025-11-19 13:37:04] [INFO] Function: init(), Line: 20, Message: ProducerCamIpml: Opening video file ./test/Huyen.mp4
[2025-11-19 13:37:06] [INFO] Function: produceElement(), Line: 37, Message: 3'

[2025-11-19 13:37:07] [INFO] Function: load(), Line: 252, Message: Face Mesh load done!
[2025-11-19 13:37:07] [INFO] Function: loginWithFace(), Line: 191, Message: Liveness score: 1.000000
[2025-11-19 13:37:07] [INFO] Function: loginWithFace(), Line: 217, Message: Cosine similarity score: 0.727608
[2025-11-19 13:37:07] [INFO] Function: loginWithFace(), Line: 220, Message: ✅ Match found! Cosine = 0.727608
[2025-11-19 13:37:07] [INFO] Function: produceElement(), Line: 37, Message: 3'

[2025-11-19 13:37:07] [INFO] Function: loginWithFace(), Line: 191, Message: Liveness score: 0.999998
[2025-11-19 13:37:07] [INFO] Function: loginWithFace(), Line: 217, Message: Cosine similarity score: 0.713853
[2025-11-19 13:37:07] [INFO] Function: loginWithFace(), Line: 220, Message: ✅ Match found! Cosine = 0.713853
[2025-11-19 13:37:07] [INFO] Function: loginWithFace(), Line: 191, Message: Liveness score: 1.000000
[2025-11-19 13:37:07] [INFO] Function: loginWithFace(), Line: 217, Message: Cosine similarity score: 0.669533
[2025-11-19 13:37:07] [INFO] Function: loginWithFace(), Line: 220, Message: ✅ Match found! Cosine = 0.669533
[2025-11-19 13:37:07] [INFO] Function: loginWithFace(), Line: 191, Message: Liveness score: 1.000000
[2025-11-19 13:37:07] [INFO] Function: loginWithFace(), Line: 217, Message: Cosine similarity score: 0.698165
[2025-11-19 13:37:07] [INFO] Function: loginWithFace(), Line: 220, Message: ✅ Match found! Cosine = 0.698165
[2025-11-19 13:37:07] [INFO] Function: loginWithFace(), Line: 191, Message: Liveness score: 1.000000
[2025-11-19 13:37:07] [INFO] Function: loginWithFace(), Line: 217, Message: Cosine similarity score: 0.698308
[2025-11-19 13:37:07] [INFO] Function: loginWithFace(), Line: 220, Message: ✅ Match found! Cosine = 0.698308
[2025-11-19 13:37:07] [INFO] Function: loginWithFace(), Line: 191, Message: Liveness score: 1.000000
[2025-11-19 13:37:07] [INFO] Function: loginWithFace(), Line: 217, Message: Cosine similarity score: 0.680925
[2025-11-19 13:37:07] [INFO] Function: loginWithFace(), Line: 220, Message: ✅ Match found! Cosine = 0.680925
[2025-11-19 13:37:08] [INFO] Function: loginWithFace(), Line: 191, Message: Liveness score: 1.000000
[2025-11-19 13:37:08] [INFO] Function: loginWithFace(), Line: 217, Message: Cosine similarity score: 0.692454
[2025-11-19 13:37:08] [INFO] Function: loginWithFace(), Line: 220, Message: ✅ Match found! Cosine = 0.692454
[2025-11-19 13:37:08] [INFO] Function: loginWithFace(), Line: 191, Message: Liveness score: 1.000000
[2025-11-19 13:37:08] [INFO] Function: loginWithFace(), Line: 217, Message: Cosine similarity score: 0.702859
[2025-11-19 13:37:08] [INFO] Function: loginWithFace(), Line: 220, Message: ✅ Match found! Cosine = 0.702859
[2025-11-19 13:37:08] [INFO] Function: loginWithFace(), Line: 191, Message: Liveness score: 0.999999
[2025-11-19 13:37:08] [INFO] Function: loginWithFace(), Line: 217, Message: Cosine similarity score: 0.685005
[2025-11-19 13:37:08] [INFO] Function: loginWithFace(), Line: 220, Message: ✅ Match found! Cosine = 0.685005
[2025-11-19 13:37:08] [INFO] Function: loginWithFace(), Line: 191, Message: Liveness score: 1.000000
[2025-11-19 13:37:08] [INFO] Function: loginWithFace(), Line: 217, Message: Cosine similarity score: 0.714767
[2025-11-19 13:37:08] [INFO] Function: loginWithFace(), Line: 220, Message: ✅ Match found! Cosine = 0.714767
[2025-11-19 13:37:08] [INFO] Function: loginWithFace(), Line: 191, Message: Liveness score: 1.000000
[2025-11-19 13:37:08] [INFO] Function: loginWithFace(), Line: 217, Message: Cosine similarity score: 0.737607
[2025-11-19 13:37:08] [INFO] Function: loginWithFace(), Line: 220, Message: ✅ Match found! Cosine = 0.737607
[2025-11-19 13:37:08] [INFO] Function: loginWithFace(), Line: 191, Message: Liveness score: 0.999999
[2025-11-19 13:37:08] [INFO] Function: loginWithFace(), Line: 217, Message: Cosine similarity score: 0.694863
[2025-11-19 13:37:08] [INFO] Function: loginWithFace(), Line: 220, Message: ✅ Match found! Cosine = 0.694863
[2025-11-19 13:37:08] [INFO] Function: loginWithFace(), Line: 191, Message: Liveness score: 0.999999
[2025-11-19 13:37:08] [INFO] Function: loginWithFace(), Line: 217, Message: Cosine similarity score: 0.721803
[2025-11-19 13:37:08] [INFO] Function: loginWithFace(), Line: 220, Message: ✅ Match found! Cosine = 0.721803
[2025-11-19 13:37:08] [INFO] Function: loginWithFace(), Line: 191, Message: Liveness score: 0.999999
[2025-11-19 13:37:08] [INFO] Function: loginWithFace(), Line: 217, Message: Cosine similarity score: 0.691579
[2025-11-19 13:37:08] [INFO] Function: loginWithFace(), Line: 220, Message: ✅ Match found! Cosine = 0.691579
[2025-11-19 13:37:08] [INFO] Function: loginWithFace(), Line: 191, Message: Liveness score: 1.000000
[2025-11-19 13:37:08] [INFO] Function: loginWithFace(), Line: 217, Message: Cosine similarity score: 0.713675
[2025-11-19 13:37:08] [INFO] Function: loginWithFace(), Line: 220, Message: ✅ Match found! Cosine = 0.713675
[2025-11-19 13:37:08] [INFO] Function: loginWithFace(), Line: 191, Message: Liveness score: 0.999999
[2025-11-19 13:37:08] [INFO] Function: loginWithFace(), Line: 217, Message: Cosine similarity score: 0.678651
[2025-11-19 13:37:08] [INFO] Function: loginWithFace(), Line: 220, Message: ✅ Match found! Cosine = 0.678651
[2025-11-19 13:37:08] [INFO] Function: loginWithFace(), Line: 191, Message: Liveness score: 1.000000
[2025-11-19 13:37:08] [INFO] Function: loginWithFace(), Line: 217, Message: Cosine similarity score: 0.680290
[2025-11-19 13:37:08] [INFO] Function: loginWithFace(), Line: 220, Message: ✅ Match found! Cosine = 0.680290
[2025-11-19 13:37:08] [INFO] Function: loginWithFace(), Line: 191, Message: Liveness score: 0.999995
[2025-11-19 13:37:08] [INFO] Function: loginWithFace(), Line: 217, Message: Cosine similarity score: 0.654868
[2025-11-19 13:37:08] [INFO] Function: loginWithFace(), Line: 220, Message: ✅ Match found! Cosine = 0.654868
[2025-11-19 13:37:08] [INFO] Function: loginWithFace(), Line: 191, Message: Liveness score: 0.999982
[2025-11-19 13:37:08] [INFO] Function: loginWithFace(), Line: 217, Message: Cosine similarity score: 0.573412
[2025-11-19 13:37:08] [WARNING] Function: loginWithFace(), Line: 223, Message: ❌ Not matched. Cosine = 0.573412
[2025-11-19 13:37:08] [INFO] Function: loginWithFace(), Line: 191, Message: Liveness score: 0.999999
[2025-11-19 13:37:08] [INFO] Function: loginWithFace(), Line: 217, Message: Cosine similarity score: 0.690508
[2025-11-19 13:37:08] [INFO] Function: loginWithFace(), Line: 220, Message: ✅ Match found! Cosine = 0.690508
[2025-11-19 13:37:08] [INFO] Function: loginWithFace(), Line: 191, Message: Liveness score: 1.000000
[2025-11-19 13:37:08] [INFO] Function: loginWithFace(), Line: 217, Message: Cosine similarity score: 0.645408
[2025-11-19 13:37:08] [INFO] Function: loginWithFace(), Line: 220, Message: ✅ Match found! Cosine = 0.645408
[2025-11-19 13:37:09] [INFO] Function: loginWithFace(), Line: 191, Message: Liveness score: 0.999999
[2025-11-19 13:37:09] [INFO] Function: produceElement(), Line: 37, Message: 3'

[2025-11-19 13:37:09] [INFO] Function: loginWithFace(), Line: 217, Message: Cosine similarity score: 0.699604
[2025-11-19 13:37:09] [INFO] Function: loginWithFace(), Line: 220, Message: ✅ Match found! Cosine = 0.699604
[2025-11-19 13:37:09] [INFO] Function: loginWithFace(), Line: 191, Message: Liveness score: 1.000000
[2025-11-19 13:37:09] [INFO] Function: loginWithFace(), Line: 217, Message: Cosine similarity score: 0.688588
[2025-11-19 13:37:09] [INFO] Function: loginWithFace(), Line: 220, Message: ✅ Match found! Cosine = 0.688588
[2025-11-19 13:37:09] [INFO] Function: loginWithFace(), Line: 191, Message: Liveness score: 1.000000
[2025-11-19 13:37:09] [INFO] Function: loginWithFace(), Line: 217, Message: Cosine similarity score: 0.687028
[2025-11-19 13:37:09] [INFO] Function: loginWithFace(), Line: 220, Message: ✅ Match found! Cosine = 0.687028
[2025-11-19 13:37:09] [INFO] Function: loginWithFace(), Line: 191, Message: Liveness score: 1.000000
[2025-11-19 13:37:09] [INFO] Function: loginWithFace(), Line: 217, Message: Cosine similarity score: 0.681120
[2025-11-19 13:37:09] [INFO] Function: loginWithFace(), Line: 220, Message: ✅ Match found! Cosine = 0.681120
[2025-11-19 13:37:09] [INFO] Function: loginWithFace(), Line: 191, Message: Liveness score: 1.000000
[2025-11-19 13:37:09] [INFO] Function: loginWithFace(), Line: 217, Message: Cosine similarity score: 0.692023
[2025-11-19 13:37:09] [INFO] Function: loginWithFace(), Line: 220, Message: ✅ Match found! Cosine = 0.692023
[2025-11-19 13:37:09] [INFO] Function: loginWithFace(), Line: 191, Message: Liveness score: 1.000000
[2025-11-19 13:37:09] [INFO] Function: loginWithFace(), Line: 217, Message: Cosine similarity score: 0.685558
[2025-11-19 13:37:09] [INFO] Function: loginWithFace(), Line: 220, Message: ✅ Match found! Cosine = 0.685558
[2025-11-19 13:37:09] [INFO] Function: loginWithFace(), Line: 191, Message: Liveness score: 1.000000
[2025-11-19 13:37:09] [INFO] Function: loginWithFace(), Line: 217, Message: Cosine similarity score: 0.716211
[2025-11-19 13:37:09] [INFO] Function: loginWithFace(), Line: 220, Message: ✅ Match found! Cosine = 0.716211
[2025-11-19 13:37:09] [INFO] Function: loginWithFace(), Line: 191, Message: Liveness score: 1.000000
[2025-11-19 13:37:09] [INFO] Function: loginWithFace(), Line: 217, Message: Cosine similarity score: 0.718380
[2025-11-19 13:37:09] [INFO] Function: loginWithFace(), Line: 220, Message: ✅ Match found! Cosine = 0.718380
[2025-11-19 13:37:09] [INFO] Function: loginWithFace(), Line: 191, Message: Liveness score: 1.000000
[2025-11-19 13:37:09] [INFO] Function: loginWithFace(), Line: 217, Message: Cosine similarity score: 0.701563
[2025-11-19 13:37:09] [INFO] Function: loginWithFace(), Line: 220, Message: ✅ Match found! Cosine = 0.701563
[2025-11-19 13:37:09] [INFO] Function: loginWithFace(), Line: 191, Message: Liveness score: 0.999999
[2025-11-19 13:37:09] [INFO] Function: loginWithFace(), Line: 217, Message: Cosine similarity score: 0.685005
[2025-11-19 13:37:09] [INFO] Function: loginWithFace(), Line: 220, Message: ✅ Match found! Cosine = 0.685005
[2025-11-19 13:37:09] [INFO] Function: loginWithFace(), Line: 191, Message: Liveness score: 1.000000
[2025-11-19 13:37:09] [INFO] Function: loginWithFace(), Line: 217, Message: Cosine similarity score: 0.695716
[2025-11-19 13:37:09] [INFO] Function: loginWithFace(), Line: 220, Message: ✅ Match found! Cosine = 0.695716
[2025-11-19 13:37:09] [INFO] Function: loginWithFace(), Line: 191, Message: Liveness score: 1.000000
[2025-11-19 13:37:09] [INFO] Function: loginWithFace(), Line: 217, Message: Cosine similarity score: 0.706546
[2025-11-19 13:37:09] [INFO] Function: loginWithFace(), Line: 220, Message: ✅ Match found! Cosine = 0.706546
[2025-11-19 13:37:10] [INFO] Function: loginWithFace(), Line: 191, Message: Liveness score: 0.999999
[2025-11-19 13:37:10] [INFO] Function: loginWithFace(), Line: 217, Message: Cosine similarity score: 0.672209
[2025-11-19 13:37:10] [INFO] Function: loginWithFace(), Line: 220, Message: ✅ Match found! Cosine = 0.672209
[2025-11-19 13:37:10] [INFO] Function: loginWithFace(), Line: 191, Message: Liveness score: 0.999999
[2025-11-19 13:37:10] [INFO] Function: loginWithFace(), Line: 217, Message: Cosine similarity score: 0.689285
[2025-11-19 13:37:10] [INFO] Function: loginWithFace(), Line: 220, Message: ✅ Match found! Cosine = 0.689285
[2025-11-19 13:37:10] [INFO] Function: loginWithFace(), Line: 191, Message: Liveness score: 1.000000
[2025-11-19 13:37:10] [INFO] Function: loginWithFace(), Line: 217, Message: Cosine similarity score: 0.683713
[2025-11-19 13:37:10] [INFO] Function: loginWithFace(), Line: 220, Message: ✅ Match found! Cosine = 0.683713
[2025-11-19 13:37:10] [INFO] Function: loginWithFace(), Line: 191, Message: Liveness score: 1.000000
[2025-11-19 13:37:10] [INFO] Function: loginWithFace(), Line: 217, Message: Cosine similarity score: 0.684714
[2025-11-19 13:37:10] [INFO] Function: loginWithFace(), Line: 220, Message: ✅ Match found! Cosine = 0.684714
[2025-11-19 13:37:10] [INFO] Function: loginWithFace(), Line: 191, Message: Liveness score: 1.000000
[2025-11-19 13:37:10] [INFO] Function: loginWithFace(), Line: 217, Message: Cosine similarity score: 0.709727
[2025-11-19 13:37:10] [INFO] Function: loginWithFace(), Line: 220, Message: ✅ Match found! Cosine = 0.709727
[2025-11-19 13:37:10] [INFO] Function: loginWithFace(), Line: 191, Message: Liveness score: 0.999999
[2025-11-19 13:37:10] [INFO] Function: loginWithFace(), Line: 217, Message: Cosine similarity score: 0.668552
[2025-11-19 13:37:10] [INFO] Function: loginWithFace(), Line: 220, Message: ✅ Match found! Cosine = 0.668552
[2025-11-19 13:37:10] [INFO] Function: loginWithFace(), Line: 191, Message: Liveness score: 0.999996
[2025-11-19 13:37:10] [INFO] Function: loginWithFace(), Line: 217, Message: Cosine similarity score: 0.688287
[2025-11-19 13:37:10] [INFO] Function: loginWithFace(), Line: 220, Message: ✅ Match found! Cosine = 0.688287
