🧰 Build started at Thu Nov 13 12:29:09 UTC 2025
────────────────────────────────────
▶️  Checking install_cmake_3_20.sh ...
⏭️  install_cmake_3_20.sh already installed, skipping.
────────────────────────────────────
▶️  Checking install_qt5.sh ...
🚀 Running install_qt5.sh ...
📦 Building Qt 5.15 (community branch, GCC 13 ready)...
Hit:1 https://dl.yarnpkg.com/debian stable InRelease
Hit:2 https://packages.microsoft.com/repos/microsoft-ubuntu-noble-prod noble InRelease
Hit:3 https://repo.anaconda.com/pkgs/misc/debrepo/conda stable InRelease
Hit:4 http://archive.ubuntu.com/ubuntu noble InRelease
Hit:5 http://security.ubuntu.com/ubuntu noble-security InRelease
Hit:6 http://archive.ubuntu.com/ubuntu noble-updates InRelease
Hit:7 http://archive.ubuntu.com/ubuntu noble-backports InRelease
Reading package lists...
Reading package lists...
Building dependency tree...
Reading state information...
build-essential is already the newest version (12.10ubuntu1).
perl is already the newest version (5.38.2-3.2ubuntu0.2).
python3 is already the newest version (3.12.3-0ubuntu2.1).
git is already the newest version (1:2.43.0-1ubuntu7.3).
libgl1-mesa-dev is already the newest version (25.0.7-0ubuntu0.24.04.2).
libxkbcommon-x11-dev is already the newest version (1.6.0-1build1).
libpulse-dev is already the newest version (1:16.1+dfsg1-2ubuntu10.1).
libasound2-dev is already the newest version (1.2.11-1ubuntu0.1).
libfontconfig1-dev is already the newest version (2.15.0-1.1ubuntu2).
libdbus-1-dev is already the newest version (1.14.10-4ubuntu4.1).
libxcb1-dev is already the newest version (1.15-1ubuntu2).
libx11-dev is already the newest version (2:1.8.7-1build1).
libxext-dev is already the newest version (2:1.3.4-1build2).
libxrender-dev is already the newest version (1:0.9.10-1.1build1).
libxi-dev is already the newest version (2:1.8.1-1build1).
libxrandr-dev is already the newest version (2:1.5.2-2build1).
libxcursor-dev is already the newest version (1:1.2.1-1build1).
libxfixes-dev is already the newest version (1:6.0.0-2build1).
0 upgraded, 0 newly installed, 0 to remove and 71 not upgraded.
Cloning into '.'...
Switched to a new branch '5.15'
branch '5.15' set up to track 'origin/5.15'.
+ git submodule init qtbase qtdeclarative qtmultimedia
Submodule 'qtbase' (https://code.qt.io/qt/qtbase.git) registered for path 'qtbase'
Submodule 'qtdeclarative' (https://code.qt.io/qt/qtdeclarative.git) registered for path 'qtdeclarative'
Submodule 'qtmultimedia' (https://code.qt.io/qt/qtmultimedia.git) registered for path 'qtmultimedia'
+ git config commit.template /workspaces/TestGit/libs/qt_src/.commit-template
+ git clone --no-checkout https://code.qt.io/qt/qtbase.git qtbase
Cloning into 'qtbase'...
fetch-pack: unexpected disconnect while reading sideband packet
git clone --no-checkout https://code.qt.io/qt/qtbase.git qtbase exited with status 2 at init-repository line 198.
	Qt::InitRepository::exe(Qt::InitRepository=HASH(0x5c17436a98e0), "git", "clone", "--no-checkout", "https://code.qt.io/qt/qtbase.git", "qtbase") called at init-repository line 535
	Qt::InitRepository::git_clone_one_submodule(Qt::InitRepository=HASH(0x5c17436a98e0), "qtbase", "qtbase.git", 0, "") called at init-repository line 409
	Qt::InitRepository::git_clone_all_submodules(Qt::InitRepository=HASH(0x5c17436a98e0), "qt5", 0, "", "qtbase", "qtdeclarative", "qtmultimedia") called at init-repository line 645
	Qt::InitRepository::run(Qt::InitRepository=HASH(0x5c17436a98e0)) called at init-repository line 656
❌ install_qt5.sh failed! Check /workspaces/TestGit/build_env.log for details.
